******************************************************************************
             TMS320C2000 Linker PC v20.2.0                     
******************************************************************************
>> Linked Thu Oct  8 05:24:20 2020

OUTPUT FILE NAME:   <proj_lab05c.out>
ENTRY POINT SYMBOL: "_c_int00"  address: 0000b857


MEMORY CONFIGURATION

         name            origin    length      used     unused   attr    fill
----------------------  --------  ---------  --------  --------  ----  --------
PAGE 0:
  BEGIN                 00000000   00000002  00000002  00000000  RWIX
  RAMM0                 00000050   000003b0  00000109  000002a7  RWIX
  RAML0_L8              00008000   0000b800  000042e2  0000751e  RWIX
  FPUTABLES             003fd590   000006a0  00000000  000006a0  RWIX
  IQTABLES              003fdc30   00000b50  00000b50  00000000  RWIX
  IQTABLES2             003fe780   0000008c  00000000  0000008c  RWIX
  IQTABLES3             003fe80c   000000aa  00000000  000000aa  RWIX
  BOOTROM               003ff3b0   00000c10  00000000  00000c10  RWIX
  RESET                 003fffc0   00000002  00000000  00000002  RWIX

PAGE 1:
  BOOT_RSVD             00000002   0000004e  00000000  0000004e  RWIX
  RAMM1                 00000400   00000400  000003b0  00000050  RWIX
  USB_RAM               00040000   00000800  00000000  00000800  RWIX


SECTION ALLOCATION MAP

 output                                  attributes/
section   page    origin      length       input sections
--------  ----  ----------  ----------   ----------------
codestart 
*          0    00000000    00000002     
                  00000000    00000002     CodeStartBranch.obj (codestart)

.cinit     0    00000050    000000d3     
                  00000050    000000b1     proj_lab05c.obj (.cinit)
                  00000101    0000000e     rts2800_ml.lib : exit.c.obj (.cinit)
                  0000010f    00000005                    : _lock.c.obj (.cinit:__lock)
                  00000114    00000005                    : _lock.c.obj (.cinit:__unlock)
                  00000119    00000004     drv8301.obj (.cinit)
                  0000011d    00000004     rts2800_ml.lib : errno.c.obj (.cinit)
                  00000121    00000002     --HOLE-- [fill = 0]

ramfuncs   0    00000123    00000036     
                  00000123    00000032     flash.obj (ramfuncs)
                  00000155    00000004     usDelay.obj (ramfuncs)

.text      0    00008000    00003d26     
                  00008000    00000ac5     hal.obj (.text)
                  00008ac5    00000994     ctrl.obj (.text)
                  00009459    00000658     proj_lab05c.obj (.text)
                  00009ab1    0000042d     user.obj (.text)
                  00009ede    0000041e     rts2800_ml.lib : e_powf.c.obj (.text)
                  0000a2fc    00000327     SpinTAC.lib : spintac_vel_id.obj (.text:_STVELID_run)
                  0000a623    000002f7     pwm.obj (.text)
                  0000a91a    000002d1     drv8301.obj (.text)
                  0000abeb    000001ee     adc.obj (.text)
                  0000add9    0000018a     clk.obj (.text)
                  0000af63    00000187     rts2800_ml.lib : e_logf.c.obj (.text)
                  0000b0ea    0000017f     gpio.obj (.text)
                  0000b269    00000102     pie.obj (.text)
                  0000b36b    000000d5     proj_lab05c.obj (.text:retain)
                  0000b440    000000a9     spi.obj (.text)
                  0000b4e9    00000083     rts2800_ml.lib : fd_mpy28.asm.obj (.text)
                  0000b56c    00000083                    : fs_div28.asm.obj (.text)
                  0000b5ef    00000078                    : fs_add28.asm.obj (.text)
                  0000b667    00000075                    : e_sqrtf.c.obj (.text)
                  0000b6dc    00000069                    : s_ceilf.c.obj (.text)
                  0000b745    0000005d                    : s_scalbnf.c.obj (.text)
                  0000b7a2    0000005b     pll.obj (.text)
                  0000b7fd    0000005a     rts2800_ml.lib : fs_mpy28.asm.obj (.text)
                  0000b857    00000054                    : boot28.asm.obj (.text)
                  0000b8ab    00000047     offset.obj (.text)
                  0000b8f2    00000046     wdog.obj (.text)
                  0000b938    00000044     pwr.obj (.text)
                  0000b97c    00000035     SpinTAC.lib : spintac_pos_conv.obj (.text:_STPOSCONV_init)
                  0000b9b1    00000032     timer.obj (.text)
                  0000b9e3    00000031     SpinTAC.lib : spintac_version.obj (.text:_ST_initVersion)
                  0000ba14    0000002d     osc.obj (.text)
                  0000ba41    0000002b     SpinTAC.lib : spintac_vel_id.obj (.text:_STVELID_init)
                  0000ba6c    0000002b                 : spintac_vel_move.obj (.text:_STVELMOVE_init)
                  0000ba97    0000002a                 : spintac_vel_ctl.obj (.text:_STVELCTL_init)
                  0000bac1    0000002a     rts2800_ml.lib : l_div28.asm.obj (.text)
                  0000baeb    00000029                    : exit.c.obj (.text)
                  0000bb14    00000026     SpinTAC.lib : spintac_vel_plan.obj (.text:_STVELPLAN_init)
                  0000bb3a    00000025     cpu.obj (.text)
                  0000bb5f    00000025     rts2800_ml.lib : fs_toi28.asm.obj (.text)
                  0000bb84    00000024                    : cpy_tbl.c.obj (.text)
                  0000bba8    00000021     filter_fo.obj (.text)
                  0000bbc9    00000021     rts2800_ml.lib : fs_toul28.asm.obj (.text)
                  0000bbea    00000020     flash.obj (.text)
                  0000bc0a    0000001f     rts2800_ml.lib : fd_tol28.asm.obj (.text)
                  0000bc29    0000001d                    : fs_tou28.asm.obj (.text)
                  0000bc46    0000001d                    : memcpy.c.obj (.text)
                  0000bc63    0000001c                    : fs_tofd28.asm.obj (.text)
                  0000bc7f    0000001a                    : i_tofs28.asm.obj (.text)
                  0000bc99    0000001a                    : l_tofs28.asm.obj (.text)
                  0000bcb3    00000017                    : fs_cmp28.asm.obj (.text)
                  0000bcca    00000013                    : ul_tofs28.asm.obj (.text)
                  0000bcdd    00000011                    : args_main.c.obj (.text)
                  0000bcee    00000010                    : u_tofs28.asm.obj (.text)
                  0000bcfe    0000000a                    : s_copysignf.c.obj (.text)
                  0000bd08    00000009                    : _lock.c.obj (.text)
                  0000bd11    00000008     CodeStartBranch.obj (.text)
                  0000bd19    00000005     pie.obj (.text:retain)
                  0000bd1e    00000005     rts2800_ml.lib : fs_neg28.asm.obj (.text)
                  0000bd23    00000002                    : pre_init.c.obj (.text)
                  0000bd25    00000001                    : startup.c.obj (.text)

.pinit     0    00000050    00000000     UNINITIALIZED

.reset     0    003fffc0    00000002     DSECT
                  003fffc0    00000002     rts2800_ml.lib : boot28.asm.obj (.reset)

.ebss      0    0000bd26    00000402     UNINITIALIZED
                  0000bd26    00000006     rts2800_ml.lib : exit.c.obj (.ebss)
                  0000bd2c    00000002                    : _lock.c.obj (.ebss:__lock)
                  0000bd2e    00000002                    : _lock.c.obj (.ebss:__unlock)
                  0000bd30    00000002     drv8301.obj (.ebss)
                  0000bd32    00000001     cpu.obj (.ebss)
                  0000bd33    00000001     rts2800_ml.lib : errno.c.obj (.ebss)
                  0000bd34    0000000c     --HOLE--
                  0000bd40    0000031a     proj_lab05c.obj (.ebss)
                  0000c05a    00000026     --HOLE--
                  0000c080    000000a8     hal.obj (.ebss)

.econst    0    0000c25c    00000086     
                  0000c25c    00000032     rts2800_ml.lib : e_powf.c.obj (.econst)
                  0000c28e    00000010                    : e_logf.c.obj (.econst)
                  0000c29e    00000008     user.obj (.econst)
                  0000c2a6    00000006     rts2800_ml.lib : s_scalbnf.c.obj (.econst)
                  0000c2ac    00000004     ctrl.obj (.econst:_$P$T0$1)
                  0000c2b0    00000004     ctrl.obj (.econst:_$P$T1$2)
                  0000c2b4    00000004     ctrl.obj (.econst:_$P$T2$3)
                  0000c2b8    00000004     ctrl.obj (.econst:_$P$T3$4)
                  0000c2bc    00000004     ctrl.obj (.econst:_$P$T4$5)
                  0000c2c0    00000004     ctrl.obj (.econst:_$P$T5$6)
                  0000c2c4    00000004     rts2800_ml.lib : e_powf.c.obj (.econst:_bp)
                  0000c2c8    00000004                    : e_powf.c.obj (.econst:_dp_h)
                  0000c2cc    00000004                    : e_powf.c.obj (.econst:_dp_l)
                  0000c2d0    00000004     ctrl.obj (.econst)
                  0000c2d4    00000004     hal.obj (.econst)
                  0000c2d8    00000004     proj_lab05c.obj (.econst)
                  0000c2dc    00000004     rts2800_ml.lib : e_sqrtf.c.obj (.econst)
                  0000c2e0    00000002                    : s_ceilf.c.obj (.econst)

.stack     1    00000400    000003b0     UNINITIALIZED
                  00000400    000003b0     --HOLE--

IQmath     0    0000c128    00000134     
                  0000c128    00000047     IQmath.lib : IQ20div.obj (IQmath)
                  0000c16f    00000047                : IQ24div.obj (IQmath)
                  0000c1b6    00000042                : IQ24sqrt.obj (IQmath)
                  0000c1f8    00000029                : IQ24sinPU.obj (IQmath)
                  0000c221    00000027                : IQ24cosPU.obj (IQmath)
                  0000c248    00000014                : IQ30toF.obj (IQmath)

IQmathTables 
*          0    003fdc30    00000b50     NOLOAD SECTION
                  003fdc30    00000b50     IQmath.lib : IQmathTables.obj (IQmathTables)

MODULE SUMMARY

       Module                 code    initialized data   uninitialized data
       ------                 ----    ----------------   ------------------
    .\
       hal.obj                2757    4                  168               
       proj_lab05c.obj        1837    181                794               
       ctrl.obj               2452    28                 0                 
       user.obj               1069    8                  0                 
       pwm.obj                759     0                  0                 
       drv8301.obj            721     4                  2                 
       adc.obj                494     0                  0                 
       clk.obj                394     0                  0                 
       gpio.obj               383     0                  0                 
       pie.obj                263     0                  0                 
       spi.obj                169     0                  0                 
       pll.obj                91      0                  0                 
       flash.obj              82      0                  0                 
       offset.obj             71      0                  0                 
       wdog.obj               70      0                  0                 
       pwr.obj                68      0                  0                 
       timer.obj              50      0                  0                 
       osc.obj                45      0                  0                 
       cpu.obj                37      0                  1                 
       filter_fo.obj          33      0                  0                 
       CodeStartBranch.obj    10      0                  0                 
       usDelay.obj            4       0                  0                 
    +--+----------------------+-------+------------------+--------------------+
       Total:                 11859   225                965               
                                                                           
    C:/ti/ccs1000/ccs/tools/compiler/ti-cgt-c2000_20.2.0.LTS/lib/rts2800_ml.lib
       e_powf.c.obj           1054    62                 0                 
       e_logf.c.obj           391     16                 0                 
       fd_mpy28.asm.obj       131     0                  0                 
       fs_div28.asm.obj       131     0                  0                 
       e_sqrtf.c.obj          117     4                  0                 
       fs_add28.asm.obj       120     0                  0                 
       s_ceilf.c.obj          105     2                  0                 
       s_scalbnf.c.obj        93      6                  0                 
       fs_mpy28.asm.obj       90      0                  0                 
       boot28.asm.obj         84      0                  0                 
       exit.c.obj             41      14                 6                 
       l_div28.asm.obj        42      0                  0                 
       fs_toi28.asm.obj       37      0                  0                 
       cpy_tbl.c.obj          36      0                  0                 
       fs_toul28.asm.obj      33      0                  0                 
       fd_tol28.asm.obj       31      0                  0                 
       fs_tou28.asm.obj       29      0                  0                 
       memcpy.c.obj           29      0                  0                 
       fs_tofd28.asm.obj      28      0                  0                 
       i_tofs28.asm.obj       26      0                  0                 
       l_tofs28.asm.obj       26      0                  0                 
       _lock.c.obj            9       10                 4                 
       fs_cmp28.asm.obj       23      0                  0                 
       ul_tofs28.asm.obj      19      0                  0                 
       args_main.c.obj        17      0                  0                 
       u_tofs28.asm.obj       16      0                  0                 
       s_copysignf.c.obj      10      0                  0                 
       errno.c.obj            0       4                  1                 
       fs_neg28.asm.obj       5       0                  0                 
       pre_init.c.obj         2       0                  0                 
       startup.c.obj          1       0                  0                 
    +--+----------------------+-------+------------------+--------------------+
       Total:                 2776    118                11                
                                                                           
    C:/ti/motorware/motorware_1_01_00_18/sw/modules/iqmath/lib/f28x/32b/IQmath.lib
       IQmathTables.obj       0       2896               0                 
       IQ20div.obj            0       71                 0                 
       IQ24div.obj            0       71                 0                 
       IQ24sqrt.obj           0       66                 0                 
       IQ24sinPU.obj          0       41                 0                 
       IQ24cosPU.obj          0       39                 0                 
       IQ30toF.obj            0       20                 0                 
    +--+----------------------+-------+------------------+--------------------+
       Total:                 0       3204               0                 
                                                                           
    C:/ti/motorware/motorware_1_01_00_18/sw/modules/spintac/lib/32b/SpinTAC.lib
       spintac_vel_id.obj     850     0                  0                 
       spintac_pos_conv.obj   53      0                  0                 
       spintac_version.obj    49      0                  0                 
       spintac_vel_move.obj   43      0                  0                 
       spintac_vel_ctl.obj    42      0                  0                 
       spintac_vel_plan.obj   38      0                  0                 
    +--+----------------------+-------+------------------+--------------------+
       Total:                 1075    0                  0                 
                                                                           
       Stack:                 0       0                  944               
    +--+----------------------+-------+------------------+--------------------+
       Grand Total:           15710   3547               1920              


GLOBAL DATA SYMBOLS: SORTED BY DATA PAGE

address     data page           name
--------    ----------------    ----
00000400      10 (00000400)     __stack

0000bd26     2f4 (0000bd00)     ___TI_enable_exit_profile_output
0000bd28     2f4 (0000bd00)     ___TI_cleanup_ptr
0000bd2a     2f4 (0000bd00)     ___TI_dtors_ptr
0000bd2c     2f4 (0000bd00)     __lock
0000bd2e     2f4 (0000bd00)     __unlock
0000bd32     2f4 (0000bd00)     _cpu
0000bd33     2f4 (0000bd00)     _errno

0000bd40     2f5 (0000bd40)     _gCounter_updateGlobals
0000bd41     2f5 (0000bd40)     _Flag_Latch_softwareUpdate
0000bd42     2f5 (0000bd40)     _gLEDcnt
0000bd43     2f5 (0000bd40)     _gLs_qFmt
0000bd44     2f5 (0000bd40)     _gMax_Ls_qFmt
0000bd48     2f5 (0000bd40)     _ctrlHandle
0000bd4a     2f5 (0000bd40)     _halHandle
0000bd4c     2f5 (0000bd40)     _gMaxCurrentSlope
0000bd4e     2f5 (0000bd40)     _controller_obj
0000bd50     2f5 (0000bd40)     _stHandle
0000bd52     2f5 (0000bd40)     _gLs_pu
0000bd54     2f5 (0000bd40)     _gFlux_pu_to_Wb_sf
0000bd56     2f5 (0000bd40)     _gFlux_pu_to_VpHz_sf
0000bd58     2f5 (0000bd40)     _gTorque_Ls_Id_Iq_pu_to_Nm_sf
0000bd5a     2f5 (0000bd40)     _gTorque_Flux_Iq_pu_to_Nm_sf
0000bd5c     2f5 (0000bd40)     _gPwmData
0000bd62     2f5 (0000bd40)     _gAdcData

0000bd80     2f6 (0000bd80)     _gDrvSpi8301Vars

0000bdc0     2f7 (0000bdc0)     _gMotorVars

0000be40     2f9 (0000be40)     _gUserParams

0000bf00     2fc (0000bf00)     _st_obj

0000c080     302 (0000c080)     _hal

0000c128     304 (0000c100)     __IQ20div

0000c16f     305 (0000c140)     __IQ24div

0000c1b6     306 (0000c180)     __IQ24sqrt

0000c1f8     307 (0000c1c0)     __IQ24sinPU

0000c221     308 (0000c200)     __IQ24cosPU

0000c248     309 (0000c240)     __IQ30toF

003fdc30    ff70 (003fdc00)     _IQsinTable

003fdd30    ff74 (003fdd00)     _IQcosTable

003fe030    ff80 (003fe000)     _IQsinTableEnd

003fe132    ff84 (003fe100)     _IQcosTableEnd
003fe132    ff84 (003fe100)     _IQdivRoundSatTable

003fe140    ff85 (003fe140)     _IQdivTable

003fe342    ff8d (003fe340)     _IQdivTableEnd
003fe342    ff8d (003fe340)     _IQisqrtRoundSatTable
003fe342    ff8d (003fe340)     _IQsqrtRoundSatTable
003fe352    ff8d (003fe340)     _IQisqrtTable
003fe352    ff8d (003fe340)     _IQsqrtTable

003fe454    ff91 (003fe440)     _IQatan2HalfPITable
003fe454    ff91 (003fe440)     _IQisqrtTableEnd
003fe454    ff91 (003fe440)     _IQsqrtTableEnd

003fe492    ff92 (003fe480)     _IQatan2Table

003fe618    ff98 (003fe600)     _IQ30mpyRndSatTable
003fe618    ff98 (003fe600)     _IQatan2TableEnd
003fe618    ff98 (003fe600)     _IQmpyRndSatTable
003fe624    ff98 (003fe600)     _IQ29mpyRndSatTable
003fe630    ff98 (003fe600)     _IQ28mpyRndSatTable
003fe63c    ff98 (003fe600)     _IQ27mpyRndSatTable

003fe648    ff99 (003fe640)     _IQ26mpyRndSatTable
003fe654    ff99 (003fe640)     _IQ25mpyRndSatTable
003fe660    ff99 (003fe640)     _IQ24mpyRndSatTable
003fe66c    ff99 (003fe640)     _IQ23mpyRndSatTable
003fe678    ff99 (003fe640)     _IQ22mpyRndSatTable

003fe684    ff9a (003fe680)     _IQ21mpyRndSatTable
003fe690    ff9a (003fe680)     _IQ20mpyRndSatTable
003fe69c    ff9a (003fe680)     _IQ19mpyRndSatTable
003fe6a8    ff9a (003fe680)     _IQ18mpyRndSatTable
003fe6b4    ff9a (003fe680)     _IQ17mpyRndSatTable

003fe6c0    ff9b (003fe6c0)     _IQ16mpyRndSatTable
003fe6cc    ff9b (003fe6c0)     _IQ15mpyRndSatTable
003fe6d8    ff9b (003fe6c0)     _IQ14mpyRndSatTable
003fe6e4    ff9b (003fe6c0)     _IQ13mpyRndSatTable
003fe6f0    ff9b (003fe6c0)     _IQ12mpyRndSatTable
003fe6fc    ff9b (003fe6c0)     _IQ11mpyRndSatTable

003fe708    ff9c (003fe700)     _IQ10mpyRndSatTable
003fe714    ff9c (003fe700)     _IQ9mpyRndSatTable
003fe720    ff9c (003fe700)     _IQ8mpyRndSatTable
003fe72c    ff9c (003fe700)     _IQ7mpyRndSatTable
003fe738    ff9c (003fe700)     _IQ6mpyRndSatTable

003fe744    ff9d (003fe740)     _IQ5mpyRndSatTable
003fe750    ff9d (003fe740)     _IQ4mpyRndSatTable
003fe75c    ff9d (003fe740)     _IQ3mpyRndSatTable
003fe768    ff9d (003fe740)     _IQ2mpyRndSatTable
003fe774    ff9d (003fe740)     _IQ1mpyRndSatTable

003fe780    ff9e (003fe780)     _IQmpyRndSatTableEnd


GLOBAL SYMBOLS: SORTED ALPHABETICALLY BY Name 

page  address   name                                             
----  -------   ----                                             
0     00008000  .text                                            
0     0000baeb  C$$EXIT                                          
0     0000b4e9  FD$$MPY                                          
0     0000bc0a  FD$$TOL                                          
0     0000b5f4  FS$$ADD                                          
0     0000bcb3  FS$$CMP                                          
0     0000b56c  FS$$DIV                                          
0     0000b7fd  FS$$MPY                                          
0     0000bd1e  FS$$NEG                                          
0     0000b5ef  FS$$SUB                                          
0     0000bc63  FS$$TOFD                                         
0     0000bb5f  FS$$TOI                                          
0     0000bc29  FS$$TOU                                          
0     0000bbc9  FS$$TOUL                                         
0     0000bc7f  I$$TOFS                                          
0     0000bac1  L$$DIV                                           
0     0000bad0  L$$MOD                                           
0     0000bc99  L$$TOFS                                          
0     0000bcee  U$$TOFS                                          
0     0000bade  UL$$DIV                                          
0     0000bae5  UL$$MOD                                          
0     0000bcca  UL$$TOFS                                         
0     0000adcf  _ADC_disable                                     
0     0000adc5  _ADC_disableBandGap                              
0     0000adae  _ADC_disableInt                                  
0     0000ada4  _ADC_disableNoOverlapMode                        
0     0000ad9a  _ADC_disableRefBuffers                           
0     0000ad90  _ADC_disableVoltRefLoConv                        
0     0000ad86  _ADC_enable                                      
0     0000ad7c  _ADC_enableBandGap                               
0     0000ad66  _ADC_enableInt                                   
0     0000ad5c  _ADC_enableNoOverlapMode                         
0     0000ad52  _ADC_enableRefBuffers                            
0     0000ad48  _ADC_enableVoltRefLoConv                         
0     0000ad40  _ADC_getDivideSelect                             
0     0000ad38  _ADC_init                                        
0     0000ad2e  _ADC_powerDown                                   
0     0000ad24  _ADC_powerUp                                     
0     0000ad1a  _ADC_reset                                       
0     0000ad09  _ADC_setDivideSelect                             
0     0000ace8  _ADC_setIntMode                                  
0     0000acd7  _ADC_setIntPulseGenMode                          
0     0000acb6  _ADC_setIntSrc                                   
0     0000acaf  _ADC_setOffTrim                                  
0     0000ac98  _ADC_setSampleMode                               
0     0000ac85  _ADC_setSampleOverlapMode                        
0     0000ac71  _ADC_setSocChanNumber                            
0     0000ac67  _ADC_setSocFrc                                   
0     0000ac60  _ADC_setSocFrcWord                               
0     0000ac4c  _ADC_setSocSampleDelay                           
0     0000ac38  _ADC_setSocTrigSrc                               
0     0000ac27  _ADC_setTempSensorSrc                            
0     0000ac16  _ADC_setVoltRefSrc                               
0     0000abeb  _ADC_setupSocTrigSrc                             
0     0000af5c  _CLK_disableAdcClock                             
0     0000af55  _CLK_disableClaClock                             
0     0000af4f  _CLK_disableClkIn                                
0     0000af4b  _CLK_disableCompClock                            
0     0000af44  _CLK_disableCpuTimerClock                        
0     0000af3e  _CLK_disableCrystalOsc                           
0     0000af37  _CLK_disableEcanaClock                           
0     0000af30  _CLK_disableEcap1Clock                           
0     0000af29  _CLK_disableEqep1Clock                           
0     0000af22  _CLK_disableEqep2Clock                           
0     0000af1b  _CLK_disableGpioInputClock                       
0     0000af14  _CLK_disableHrPwmClock                           
0     0000af0d  _CLK_disableI2cClock                             
0     0000af06  _CLK_disableLinAClock                            
0     0000af00  _CLK_disableOsc1                                 
0     0000aefa  _CLK_disableOsc1HaltMode                         
0     0000aef4  _CLK_disableOsc2                                 
0     0000aeee  _CLK_disableOsc2HaltMode                         
0     0000aee4  _CLK_disablePwmClock                             
0     0000aedd  _CLK_disableSciaClock                            
0     0000aed6  _CLK_disableScibClock                            
0     0000aecf  _CLK_disableSpiaClock                            
0     0000aecb  _CLK_disableSpibClock                            
0     0000aec4  _CLK_disableTbClockSync                          
0     0000aebe  _CLK_disableWatchDogHaltMode                     
0     0000aeb7  _CLK_enableAdcClock                              
0     0000aeb0  _CLK_enableClaClock                              
0     0000aeaa  _CLK_enableClkIn                                 
0     0000aea4  _CLK_enableCompClock                             
0     0000ae9e  _CLK_enableCpuTimerClock                         
0     0000ae98  _CLK_enableCrystalOsc                            
0     0000ae91  _CLK_enableEcanaClock                            
0     0000ae8a  _CLK_enableEcap1Clock                            
0     0000ae83  _CLK_enableEqep1Clock                            
0     0000ae7c  _CLK_enableEqep2Clock                            
0     0000ae75  _CLK_enableGpioInputClock                        
0     0000ae6e  _CLK_enableHrPwmClock                            
0     0000ae67  _CLK_enableI2cClock                              
0     0000ae60  _CLK_enableLinAClock                             
0     0000ae5a  _CLK_enableOsc1                                  
0     0000ae54  _CLK_enableOsc1HaltMode                          
0     0000ae4e  _CLK_enableOsc2                                  
0     0000ae48  _CLK_enableOsc2HaltMode                          
0     0000ae3f  _CLK_enablePwmClock                              
0     0000ae38  _CLK_enableSciaClock                             
0     0000ae31  _CLK_enableScibClock                             
0     0000ae2a  _CLK_enableSpiaClock                             
0     0000ae23  _CLK_enableSpibClock                             
0     0000ae1c  _CLK_enableTbClockSync                           
0     0000ae16  _CLK_enableWatchDogHaltMode                      
0     0000ae10  _CLK_init                                        
0     0000ae09  _CLK_setClkOutPreScaler                          
0     0000ae03  _CLK_setLowSpdPreScaler                          
0     0000adfc  _CLK_setOsc2Src                                  
0     0000adf5  _CLK_setOscSrc                                   
0     0000adee  _CLK_setTimer2PreScale                           
0     0000ade7  _CLK_setTimer2Src                                
0     0000ade0  _CLK_setWatchDogSrc                              
0     0000add9  _CLK_setXClkInSrc                                
0     0000bb5c  _CPU_clearIntFlags                               
0     0000bb59  _CPU_disableDebugInt                             
0     0000bb56  _CPU_disableGlobalInts                           
0     0000bb51  _CPU_disableInt                                  
0     0000bb4e  _CPU_disableInts                                 
0     0000bb4b  _CPU_disableProtectedRegisterWrite               
0     0000bb48  _CPU_enableDebugInt                              
0     0000bb45  _CPU_enableGlobalInts                            
0     0000bb41  _CPU_enableInt                                   
0     0000bb3e  _CPU_enableProtectedRegisterWrite                
0     0000bb3a  _CPU_init                                        
0     00009737  _CTRL_calcMax_Ls_qFmt                            
0     0000941d  _CTRL_getGains                                   
0     00009416  _CTRL_getIab_filt_pu                             
0     0000940f  _CTRL_getIab_in_pu                               
0     00009408  _CTRL_getIdq_in_pu                               
0     00009401  _CTRL_getIdq_ref_pu                              
0     00009456  _CTRL_getMagCurrent_pu                           
0     00009453  _CTRL_getMaximumSpeed_pu                         
0     000093fa  _CTRL_getVab_in_pu                               
0     000093f3  _CTRL_getVab_out_pu                              
0     000093ec  _CTRL_getVdq_out_pu                              
abs   003fa721  _CTRL_getVersion                                 
0     000093e3  _CTRL_getWaitTimes                               
abs   003fa6fb  _CTRL_initCtrl                                   
0     000096fc  _CTRL_resetLs_qFmt                               
0     00008eb4  _CTRL_run                                        
abs   003fa5d1  _CTRL_runTraj                                    
abs   003f9e64  _CTRL_setEstParams                               
0     00008c2d  _CTRL_setGains                                   
0     00009450  _CTRL_setMagCurrent_pu                           
0     0000944d  _CTRL_setMaximumSpeed_pu                         
0     00008c55  _CTRL_setParams                                  
0     00008c1a  _CTRL_setSpd_ref_krpm                            
0     00008c17  _CTRL_setSpd_ref_pu                              
abs   003f9d31  _CTRL_setUserMotorParams                         
0     00008c0e  _CTRL_setWaitTimes                               
0     00008c04  _CTRL_setup                                      
0     00008be8  _CTRL_setupClarke_I                              
0     00008bd2  _CTRL_setupClarke_V                              
abs   003f9b43  _CTRL_setupCtrl                                  
abs   003f99a5  _CTRL_setupEstIdleState                          
abs   003f996a  _CTRL_setupEstOnLineState                        
abs   003f9806  _CTRL_setupTraj                                  
0     00008b78  _CTRL_setup_user                                 
0     00008ac5  _CTRL_updateState                                
0     0000abc9  _DRV8301_enable                                  
0     0000abb7  _DRV8301_getDcCalMode                            
0     0000ab9c  _DRV8301_getFaultType                            
0     0000ab96  _DRV8301_getId                                   
0     0000ab8f  _DRV8301_getOcLevel                              
0     0000ab88  _DRV8301_getOcMode                               
0     0000ab81  _DRV8301_getOcOffTimeMode                        
0     0000ab7a  _DRV8301_getOcTwMode                             
0     0000ab73  _DRV8301_getPeakCurrent                          
0     0000ab6c  _DRV8301_getPwmMode                              
0     0000ab65  _DRV8301_getShuntAmpGain                         
0     0000ab5c  _DRV8301_init                                    
0     0000ab56  _DRV8301_isFault                                 
0     0000ab4f  _DRV8301_isReset                                 
0     0000aad9  _DRV8301_readData                                
0     0000a95a  _DRV8301_readSpi                                 
0     0000aaca  _DRV8301_reset                                   
0     0000aaab  _DRV8301_setDcCalMode                            
0     0000aaa9  _DRV8301_setGpioHandle                           
0     0000aaa7  _DRV8301_setGpioNumber                           
0     0000aa93  _DRV8301_setOcLevel                              
0     0000aa7f  _DRV8301_setOcMode                               
0     0000aa6b  _DRV8301_setOcOffTimeMode                        
0     0000aa57  _DRV8301_setOcTwMode                             
0     0000aa43  _DRV8301_setPeakCurrent                          
0     0000aa2f  _DRV8301_setPwmMode                              
0     0000aa1b  _DRV8301_setShuntAmpGain                         
0     0000aa19  _DRV8301_setSpiHandle                            
0     0000a992  _DRV8301_setupSpi                                
0     0000a931  _DRV8301_writeData                               
0     0000a91a  _DRV8301_writeSpi                                
abs   003f86ad  _EST_computeDirection_qFmt                       
abs   003f9760  _EST_doCurrentCtrl                               
abs   003f9758  _EST_doSpeedCtrl                                 
abs   003f8c0d  _EST_getAngle_pu                                 
abs   003f96be  _EST_getFlux_VpHz                                
abs   003f96ab  _EST_getFlux_pu                                  
abs   003f968e  _EST_getFm_pu                                    
abs   003f9632  _EST_getIdRated                                  
abs   003f95ff  _EST_getLs_coarse_max_pu                         
abs   003f95f5  _EST_getLs_d_H                                   
abs   003f95f0  _EST_getLs_d_pu                                  
abs   003f95d3  _EST_getLs_qFmt                                  
abs   003f95ce  _EST_getLs_q_H                                   
abs   003f95c9  _EST_getLs_q_pu                                  
abs   003f95bd  _EST_getMaxCurrentSlope_pu                       
abs   003f95b3  _EST_getOneOverDcBus_pu                          
abs   003f95ad  _EST_getRr_Ohm                                   
abs   003f9513  _EST_getRs_Ohm                                   
abs   003f94c6  _EST_getSpeed_krpm                               
abs   003f861b  _EST_getState                                    
abs   003f9458  _EST_get_krpm_to_pu_sf                           
abs   003f9453  _EST_get_pu_to_krpm_sf                           
abs   003f938d  _EST_isError                                     
abs   003f9386  _EST_isIdle                                      
abs   003f937f  _EST_isLockRotor                                 
abs   003f8679  _EST_isMotorIdentified                           
abs   003f9378  _EST_isOnLine                                    
abs   003f927b  _EST_run                                         
abs   003f8bf5  _EST_setDir_qFmt                                 
abs   003f8be8  _EST_setFe_neg_max_pu                            
abs   003f8be4  _EST_setFe_pos_min_pu                            
abs   003f8bdb  _EST_setFlag_enableForceAngle                    
abs   003f8bd3  _EST_setFlag_enableRsRecalc                      
abs   003f8b80  _EST_setId_ref_pu                                
abs   003f8b7a  _EST_setIdle                                     
abs   003f8b67  _EST_setIdle_all                                 
abs   003f8b63  _EST_setIq_ref_pu                                
abs   003f8b45  _EST_setLs_d_pu                                  
abs   003f8af1  _EST_setLs_qFmt                                  
abs   003f8ae7  _EST_setLs_q_pu                                  
abs   003f8adb  _EST_setMaxCurrentSlope_pu                       
abs   003f8a18  _EST_setRs_pu                                    
abs   003f89f5  _EST_updateId_ref_pu                             
abs   003f8713  _EST_updateState                                 
abs   003f861d  _EST_useZeroIq_ref                               
0     0000bbc6  _FILTER_FO_getDenCoeffs                          
0     0000bbbf  _FILTER_FO_getInitialConditions                  
0     0000bbb9  _FILTER_FO_getNumCoeffs                          
0     0000bbb3  _FILTER_FO_init                                  
0     0000bbb1  _FILTER_FO_setDenCoeffs                          
0     0000bbac  _FILTER_FO_setInitialConditions                  
0     0000bba8  _FILTER_FO_setNumCoeffs                          
0     0000bc04  _FLASH_clear3VStatus                             
0     0000014f  _FLASH_disablePipelineMode                       
0     00000149  _FLASH_enablePipelineMode                        
0     0000bc01  _FLASH_get3VStatus                               
0     0000bbfe  _FLASH_getActiveWaitCount                        
0     0000bbfa  _FLASH_getActiveWaitStatus                       
0     0000bbf7  _FLASH_getPowerMode                              
0     0000bbf4  _FLASH_getStandbyWaitCount                       
0     0000bbf0  _FLASH_getStandbyWaitStatus                      
0     0000bbea  _FLASH_init                                      
0     00000144  _FLASH_setActiveWaitCount                        
0     0000013d  _FLASH_setNumPagedReadWaitStates                 
0     00000136  _FLASH_setNumRandomReadWaitStates                
0     0000012f  _FLASH_setOtpWaitStates                          
0     00000128  _FLASH_setPowerMode                              
0     00000123  _FLASH_setStandbyWaitCount                       
0     0000bd41  _Flag_Latch_softwareUpdate                       
0     0000b25b  _GPIO_getData                                    
0     0000b250  _GPIO_getPortData                                
0     0000b24a  _GPIO_init                                       
0     0000b240  _GPIO_lpmSelect                                  
0     0000b22d  _GPIO_read                                       
0     0000b213  _GPIO_setDirection                               
0     0000b208  _GPIO_setExtInt                                  
0     0000b1f8  _GPIO_setHigh                                    
0     0000b1e8  _GPIO_setLow                                     
0     0000b1b4  _GPIO_setMode                                    
0     0000b1a6  _GPIO_setPortData                                
0     0000b18c  _GPIO_setPullup                                  
0     0000b14f  _GPIO_setQualification                           
0     0000b0fa  _GPIO_setQualificationPeriod                     
0     0000b0ea  _GPIO_toggle                                     
0     00008597  _HAL_AdcCalChanSelect                            
0     000085ee  _HAL_AdcCalConversion                            
0     00008746  _HAL_AdcOffsetSelfCal                            
0     0000880c  _HAL_OscTempComp                                 
0     00008861  _HAL_cal                                         
0     00008ac1  _HAL_disableGlobalInts                           
0     000089b5  _HAL_disableWdog                                 
0     00008aaf  _HAL_enableAdcInts                               
0     00008aab  _HAL_enableDebugInt                              
0     00008aa6  _HAL_enableDrv                                   
0     00008aa2  _HAL_enableGlobalInts                            
0     00008a91  _HAL_enablePwmInt                                
0     00008a81  _HAL_enableTimer0Int                             
0     00008779  _HAL_getOscTrimValue                             
0     000089ba  _HAL_init                                        
0     0000878c  _HAL_osc1Comp                                    
0     000087cc  _HAL_osc2Comp                                    
0     000089b0  _HAL_readDrvData                                 
0     00008996  _HAL_setDacParameters                            
0     00008878  _HAL_setParams                                   
0     000084e2  _HAL_setupAdcs                                   
0     000084c6  _HAL_setupClks                                   
0     000084c1  _HAL_setupDrvSpi                                 
0     000084a3  _HAL_setupFaults                                 
0     00008485  _HAL_setupFlash                                  
0     00008470  _HAL_setupGate                                   
0     000082d4  _HAL_setupGpios                                  
0     00008280  _HAL_setupPeripheralClks                         
0     00008264  _HAL_setupPie                                    
0     00008225  _HAL_setupPll                                    
0     000081a2  _HAL_setupPwmDacs                                
0     000080ca  _HAL_setupPwms                                   
0     00008094  _HAL_setupSpiA                                   
0     0000805e  _HAL_setupSpiB                                   
0     00008005  _HAL_setupTimers                                 
0     00008000  _HAL_writeDrvData                                
0     003fe708  _IQ10mpyRndSatTable                              
0     003fe6fc  _IQ11mpyRndSatTable                              
0     003fe6f0  _IQ12mpyRndSatTable                              
0     003fe6e4  _IQ13mpyRndSatTable                              
0     003fe6d8  _IQ14mpyRndSatTable                              
0     003fe6cc  _IQ15mpyRndSatTable                              
0     003fe6c0  _IQ16mpyRndSatTable                              
0     003fe6b4  _IQ17mpyRndSatTable                              
0     003fe6a8  _IQ18mpyRndSatTable                              
0     003fe69c  _IQ19mpyRndSatTable                              
0     003fe774  _IQ1mpyRndSatTable                               
0     003fe690  _IQ20mpyRndSatTable                              
0     003fe684  _IQ21mpyRndSatTable                              
0     003fe678  _IQ22mpyRndSatTable                              
0     003fe66c  _IQ23mpyRndSatTable                              
0     003fe660  _IQ24mpyRndSatTable                              
0     003fe654  _IQ25mpyRndSatTable                              
0     003fe648  _IQ26mpyRndSatTable                              
0     003fe63c  _IQ27mpyRndSatTable                              
0     003fe630  _IQ28mpyRndSatTable                              
0     003fe624  _IQ29mpyRndSatTable                              
0     003fe768  _IQ2mpyRndSatTable                               
0     003fe618  _IQ30mpyRndSatTable                              
0     003fe75c  _IQ3mpyRndSatTable                               
0     003fe750  _IQ4mpyRndSatTable                               
0     003fe744  _IQ5mpyRndSatTable                               
0     003fe738  _IQ6mpyRndSatTable                               
0     003fe72c  _IQ7mpyRndSatTable                               
0     003fe720  _IQ8mpyRndSatTable                               
0     003fe714  _IQ9mpyRndSatTable                               
0     003fe454  _IQatan2HalfPITable                              
0     003fe492  _IQatan2Table                                    
0     003fe618  _IQatan2TableEnd                                 
0     003fdd30  _IQcosTable                                      
0     003fe132  _IQcosTableEnd                                   
0     003fe132  _IQdivRoundSatTable                              
0     003fe140  _IQdivTable                                      
0     003fe342  _IQdivTableEnd                                   
0     003fe342  _IQisqrtRoundSatTable                            
0     003fe352  _IQisqrtTable                                    
0     003fe454  _IQisqrtTableEnd                                 
0     003fe618  _IQmpyRndSatTable                                
0     003fe780  _IQmpyRndSatTableEnd                             
0     003fdc30  _IQsinTable                                      
0     003fe030  _IQsinTableEnd                                   
0     003fe342  _IQsqrtRoundSatTable                             
0     003fe352  _IQsqrtTable                                     
0     003fe454  _IQsqrtTableEnd                                  
0     0000b8e3  _OFFSET_getBeta                                  
0     0000b8d2  _OFFSET_init                                     
0     0000b8bc  _OFFSET_setBeta                                  
0     0000b8ad  _OFFSET_setInitCond                              
0     0000b8ab  _OFFSET_setOffset                                
0     0000ba3b  _OSC_init                                        
0     0000ba2e  _OSC_setCoarseTrim                               
0     0000ba1d  _OSC_setFineTrim                                 
0     0000ba14  _OSC_setTrim                                     
0     0000b364  _PIE_clearAllFlags                               
0     0000b361  _PIE_clearAllInts                                
0     0000b35e  _PIE_disable                                     
0     0000b357  _PIE_disableAllInts                              
0     0000b353  _PIE_disableCaptureInt                           
0     0000b34a  _PIE_disableExtInt                               
0     0000b340  _PIE_disableInt                                  
0     0000b33d  _PIE_enable                                      
0     0000b321  _PIE_enableAdcInt                                
0     0000b31d  _PIE_enableCaptureInt                            
0     0000b300  _PIE_enableExtInt                                
0     0000b2f7  _PIE_enableInt                                   
0     0000b2f2  _PIE_enablePwmInt                                
0     0000b2ed  _PIE_enablePwmTzInt                              
0     0000b2ea  _PIE_enableTimer0Int                             
0     0000b2e1  _PIE_forceInt                                    
0     0000b2d9  _PIE_getExtIntCount                              
0     0000b2d2  _PIE_getIntEnables                               
0     0000b2cb  _PIE_getIntFlags                                 
0     0000bd19  _PIE_illegalIsr                                  
0     0000b2c3  _PIE_init                                        
0     0000b2b1  _PIE_registerPieIntHandler                       
0     0000b2a6  _PIE_registerSystemIntHandler                    
0     0000b29b  _PIE_setDefaultIntVectorTable                    
0     0000b28a  _PIE_setExtIntPolarity                           
0     0000b276  _PIE_unregisterPieIntHandler                     
0     0000b269  _PIE_unregisterSystemIntHandler                  
0     0000b7f7  _PLL_disable                                     
0     0000b7f1  _PLL_disableClkDetect                            
0     0000b7eb  _PLL_disableNormRdy                              
0     0000b7e5  _PLL_disableOsc                                  
0     0000b7df  _PLL_enable                                      
0     0000b7d9  _PLL_enableClkDetect                             
0     0000b7d3  _PLL_enableNormRdy                               
0     0000b7cd  _PLL_enableOsc                                   
0     0000b7c9  _PLL_getClkFreq                                  
0     0000b7c6  _PLL_getClkStatus                                
0     0000b7c3  _PLL_getDivideSelect                             
0     0000b7c0  _PLL_getLockStatus                               
0     0000b7ba  _PLL_init                                        
0     0000b7b4  _PLL_resetClkDetect                              
0     0000b7ae  _PLL_setClkFreq                                  
0     0000b7a7  _PLL_setDivideSelect                             
0     0000b7a2  _PLL_setLockPeriod                               
0     0000a914  _PWM_clearTripZone                               
0     0000a911  _PWM_decrementDeadBandFallingEdgeDelay           
0     0000a90e  _PWM_decrementDeadBandRisingEdgeDelay            
0     0000a907  _PWM_disableAutoConvert                          
0     0000a903  _PWM_disableChopping                             
0     0000a900  _PWM_disableCounterLoad                          
0     0000a8fd  _PWM_disableDeadBand                             
0     0000a8f9  _PWM_disableDeadBandHalfCycle                    
0     0000a8f2  _PWM_disableDigitalCompareBlankingWindow         
0     0000a8eb  _PWM_disableDigitalCompareBlankingWindowInversion
0     0000a8e4  _PWM_disableHrPeriod                             
0     0000a8dd  _PWM_disableHrPhaseSync                          
0     0000a8d9  _PWM_disableInt                                  
0     0000a8d5  _PWM_disableSocAPulse                            
0     0000a8d1  _PWM_disableSocBPulse                            
0     0000a8ca  _PWM_disableTripZoneInt                          
0     0000a8c3  _PWM_disableTripZoneSrc                          
0     0000a8bd  _PWM_disableTripZones                            
0     0000a8b6  _PWM_enableAutoConvert                           
0     0000a8b2  _PWM_enableChopping                              
0     0000a8af  _PWM_enableCounterLoad                           
0     0000a8ab  _PWM_enableDeadBandHalfCycle                     
0     0000a8a4  _PWM_enableDigitalCompareBlankingWindow          
0     0000a89d  _PWM_enableDigitalCompareBlankingWindowInversion 
0     0000a896  _PWM_enableHrPeriod                              
0     0000a88f  _PWM_enableHrPhaseSync                           
0     0000a88b  _PWM_enableInt                                   
0     0000a887  _PWM_enableSocAPulse                             
0     0000a883  _PWM_enableSocBPulse                             
0     0000a87d  _PWM_enableTripZoneInt                           
0     0000a877  _PWM_enableTripZoneSrc                           
0     0000a874  _PWM_getDeadBandFallingEdgeDelay                 
0     0000a871  _PWM_getDeadBandRisingEdgeDelay                  
0     0000a86d  _PWM_getIntCount                                 
0     0000a869  _PWM_getShadowStatus_CmpA                        
0     0000a865  _PWM_getShadowStatus_CmpB                        
0     0000a860  _PWM_getSocACount                                
0     0000a85b  _PWM_getSocBCount                                
0     0000a858  _PWM_incrementDeadBandFallingEdgeDelay           
0     0000a855  _PWM_incrementDeadBandRisingEdgeDelay            
0     0000a84f  _PWM_init                                        
0     0000a848  _PWM_setActionQualContSWForce_PwmA               
0     0000a83f  _PWM_setActionQualContSWForce_PwmB               
0     0000a836  _PWM_setActionQual_CntDown_CmpA_PwmA             
0     0000a82d  _PWM_setActionQual_CntDown_CmpA_PwmB             
0     0000a824  _PWM_setActionQual_CntDown_CmpB_PwmA             
0     0000a81b  _PWM_setActionQual_CntDown_CmpB_PwmB             
0     0000a812  _PWM_setActionQual_CntUp_CmpA_PwmA               
0     0000a809  _PWM_setActionQual_CntUp_CmpA_PwmB               
0     0000a800  _PWM_setActionQual_CntUp_CmpB_PwmA               
0     0000a7f7  _PWM_setActionQual_CntUp_CmpB_PwmB               
0     0000a7ee  _PWM_setActionQual_Period_PwmA                   
0     0000a7e5  _PWM_setActionQual_Period_PwmB                   
0     0000a7de  _PWM_setActionQual_Zero_PwmA                     
0     0000a7d7  _PWM_setActionQual_Zero_PwmB                     
0     0000a7d0  _PWM_setChoppingClkFreq                          
0     0000a7c9  _PWM_setChoppingDutyCycle                        
0     0000a7c2  _PWM_setChoppingPulseWidth                       
0     0000a7be  _PWM_setClkDiv                                   
0     0000a7bc  _PWM_setCount                                    
0     0000a7b8  _PWM_setCounterMode                              
0     0000a7b5  _PWM_setDeadBandFallingEdgeDelay                 
0     0000a7ae  _PWM_setDeadBandInputMode                        
0     0000a7a7  _PWM_setDeadBandOutputMode                       
0     0000a7a0  _PWM_setDeadBandPolarity                         
0     0000a79d  _PWM_setDeadBandRisingEdgeDelay                  
0     0000a783  _PWM_setDigitalCompareAEvent1                    
0     0000a773  _PWM_setDigitalCompareAEvent2                    
0     0000a759  _PWM_setDigitalCompareBEvent1                    
0     0000a749  _PWM_setDigitalCompareBEvent2                    
0     0000a73d  _PWM_setDigitalCompareBlankingPulse              
0     0000a73a  _PWM_setDigitalCompareFilterOffset               
0     0000a730  _PWM_setDigitalCompareFilterSource               
0     0000a72d  _PWM_setDigitalCompareFilterWindow               
0     0000a71e  _PWM_setDigitalCompareInput                      
0     0000a71a  _PWM_setHighSpeedClkDiv                          
0     0000a710  _PWM_setHrControlMode                            
0     0000a706  _PWM_setHrEdgeMode                               
0     0000a6fc  _PWM_setHrShadowMode                             
0     0000a6f5  _PWM_setIntMode                                  
0     0000a6ee  _PWM_setIntPeriod                                
0     0000a6ea  _PWM_setLoadMode_CmpA                            
0     0000a6e4  _PWM_setLoadMode_CmpB                            
0     0000a6e2  _PWM_setPeriod                                   
0     0000a6dd  _PWM_setPeriodHr                                 
0     0000a6d9  _PWM_setPeriodLoad                               
0     0000a6d7  _PWM_setPhase                                    
0     0000a6d3  _PWM_setPhaseDir                                 
0     0000a6cf  _PWM_setRunMode                                  
0     0000a6c9  _PWM_setShadowMode_CmpA                          
0     0000a6c3  _PWM_setShadowMode_CmpB                          
0     0000a6ba  _PWM_setSocAPeriod                               
0     0000a6b0  _PWM_setSocAPulseSrc                             
0     0000a6a7  _PWM_setSocBPeriod                               
0     0000a69e  _PWM_setSocBPulseSrc                             
0     0000a69b  _PWM_setSwSync                                   
0     0000a697  _PWM_setSyncMode                                 
0     0000a68d  _PWM_setTripZoneDCEventSelect_DCAEVT1            
0     0000a681  _PWM_setTripZoneDCEventSelect_DCAEVT2            
0     0000a675  _PWM_setTripZoneDCEventSelect_DCBEVT1            
0     0000a669  _PWM_setTripZoneDCEventSelect_DCBEVT2            
0     0000a65d  _PWM_setTripZoneState_DCAEVT1                    
0     0000a651  _PWM_setTripZoneState_DCAEVT2                    
0     0000a645  _PWM_setTripZoneState_DCBEVT1                    
0     0000a639  _PWM_setTripZoneState_DCBEVT2                    
0     0000a62f  _PWM_setTripZoneState_TZA                        
0     0000a623  _PWM_setTripZoneState_TZB                        
0     0000b979  _PWR_disableBrownOutReset                        
0     0000b96f  _PWR_disableWatchDogInt                          
0     0000b96c  _PWR_enableBrownOutReset                         
0     0000b962  _PWR_enableWatchDogInt                           
0     0000b95a  _PWR_init                                        
0     0000b949  _PWR_setLowPowerMode                             
0     0000b938  _PWR_setNumStandByClocks                         
0     00000159  _RamfuncsLoadEnd                                 
abs   00000036  _RamfuncsLoadSize                                
0     00000123  _RamfuncsLoadStart                               
0     00000123  _RamfuncsRunStart                                
0     0000b4e5  _SPI_clearRxFifoInt                              
0     0000b4e1  _SPI_clearRxFifoOvf                              
0     0000b4dd  _SPI_clearTxFifoInt                              
0     0000b4da  _SPI_disableInt                                  
0     0000b4d7  _SPI_disableLoopBack                             
0     0000b4d4  _SPI_disableOverRunInt                           
0     0000b4d0  _SPI_disableRxFifoInt                            
0     0000b4cd  _SPI_disableTx                                   
0     0000b4c9  _SPI_disableTxFifoEnh                            
0     0000b4c5  _SPI_disableTxFifoInt                            
0     0000b4c2  _SPI_enable                                      
0     0000b4be  _SPI_enableChannels                              
0     0000b4bb  _SPI_enableInt                                   
0     0000b4b8  _SPI_enableLoopBack                              
0     0000b4b5  _SPI_enableOverRunInt                            
0     0000b4b1  _SPI_enableRxFifo                                
0     0000b4ad  _SPI_enableRxFifoInt                             
0     0000b4aa  _SPI_enableTx                                    
0     0000b4a6  _SPI_enableTxFifo                                
0     0000b4a2  _SPI_enableTxFifoEnh                             
0     0000b49e  _SPI_enableTxFifoInt                             
0     0000b49b  _SPI_getIntFlagStatus                            
0     0000b497  _SPI_getRxFifoStatus                             
0     0000b494  _SPI_getTxBufferStatus                           
0     0000b490  _SPI_getTxFifoStatus                             
0     0000b48a  _SPI_init                                        
0     0000b487  _SPI_reset                                       
0     0000b483  _SPI_resetChannels                               
0     0000b47f  _SPI_resetRxFifo                                 
0     0000b47b  _SPI_resetTxFifo                                 
0     0000b479  _SPI_setBaudRate                                 
0     0000b475  _SPI_setCharLength                               
0     0000b473  _SPI_setClkPhase                                 
0     0000b46f  _SPI_setClkPolarity                              
0     0000b46d  _SPI_setMode                                     
0     0000b466  _SPI_setPriority                                 
0     0000b45f  _SPI_setRxFifoIntLevel                           
0     0000b458  _SPI_setSteInv                                   
0     0000b451  _SPI_setSuspend                                  
0     0000b44a  _SPI_setTriWire                                  
0     0000b447  _SPI_setTxDelay                                  
0     0000b440  _SPI_setTxFifoIntLevel                           
0     0000b97c  _STPOSCONV_init                                  
0     0000ba97  _STVELCTL_init                                   
0     0000ba41  _STVELID_init                                    
0     0000a2fc  _STVELID_run                                     
0     0000ba6c  _STVELMOVE_init                                  
0     0000bb14  _STVELPLAN_init                                  
0     0000b9e3  _ST_initVersion                                  
0     00009671  _ST_runVelId                                     
0     0000b9e0  _TIMER_clearFlag                                 
0     0000b9dd  _TIMER_disableInt                                
0     0000b9da  _TIMER_enableInt                                 
0     0000b9d7  _TIMER_getStatus                                 
0     0000b9d1  _TIMER_init                                      
0     0000b9c3  _TIMER_setDecimationFactor                       
0     0000b9bf  _TIMER_setEmulationMode                          
0     0000b9b1  _TIMER_setPreScaler                              
0     00009e1d  _USER_calcPIgains                                
0     00009e19  _USER_checkForErrors                             
0     00009e0b  _USER_computeFlux                                
0     00009dcf  _USER_computeFlux_pu_to_VpHz_sf                  
0     00009d93  _USER_computeFlux_pu_to_Wb_sf                    
0     00009d57  _USER_computeTorque_Flux_Iq_pu_to_Nm_sf          
0     00009d1d  _USER_computeTorque_Ls_Id_Iq_pu_to_Nm_sf         
0     00009cd0  _USER_computeTorque_Nm                           
0     00009c78  _USER_computeTorque_lbin                         
0     00009c75  _USER_getErrorCode                               
0     00009c72  _USER_setErrorCode                               
0     00009b34  _USER_setParams                                  
0     00009ab1  _USER_softwareUpdate1p6                          
0     0000b930  _WDOG_clearCounter                               
0     0000b928  _WDOG_disable                                    
0     0000b922  _WDOG_disableInt                                 
0     0000b91c  _WDOG_disableOverRide                            
0     0000b913  _WDOG_enable                                     
0     0000b90d  _WDOG_enableInt                                  
0     0000b907  _WDOG_enableOverRide                             
0     0000b904  _WDOG_getIntStatus                               
0     0000b8fe  _WDOG_init                                       
0     0000b8fc  _WDOG_setCount                                   
0     0000b8f2  _WDOG_setPreScaler                               
0     0000c128  __IQ20div                                        
0     0000c221  __IQ24cosPU                                      
0     0000c16f  __IQ24div                                        
0     0000c1f8  __IQ24sinPU                                      
0     0000c1b6  __IQ24sqrt                                       
0     0000c248  __IQ30toF                                        
1     000007b0  __STACK_END                                      
abs   000003b0  __STACK_SIZE                                     
0     0000bd28  ___TI_cleanup_ptr                                
0     0000bd2a  ___TI_dtors_ptr                                  
0     0000bd26  ___TI_enable_exit_profile_output                 
abs   ffffffff  ___TI_pprof_out_hndl                             
abs   ffffffff  ___TI_prof_data_size                             
abs   ffffffff  ___TI_prof_data_start                            
abs   ffffffff  ___binit__                                       
abs   ffffffff  ___c_args__                                      
0     00000050  ___cinit__                                       
0     0000bd26  ___etext__                                       
abs   ffffffff  ___pinit__                                       
0     00008000  ___text__                                        
0     0000bcdd  __args_main                                      
0     0000bd2c  __lock                                           
0     0000bd10  __nop                                            
0     0000bd0c  __register_lock                                  
0     0000bd08  __register_unlock                                
1     00000400  __stack                                          
0     0000bd25  __system_post_cinit                              
0     0000bd23  __system_pre_init                                
0     0000bd2e  __unlock                                         
0     0000baeb  _abort                                           
0     00009721  _acim_Dir_qFmtCalc                               
0     0000b857  _c_int00                                         
0     0000b6dc  _ceil                                            
0     0000b6dc  _ceilf                                           
0     0000bd4e  _controller_obj                                  
0     0000bb84  _copy_in                                         
0     0000bcfe  _copysign                                        
0     0000bcfe  _copysignf                                       
0     0000bd32  _cpu                                             
0     0000bd48  _ctrlHandle                                      
0     0000bd33  _errno                                           
0     0000baed  _exit                                            
0     0000bd62  _gAdcData                                        
0     0000bd40  _gCounter_updateGlobals                          
0     0000bd80  _gDrvSpi8301Vars                                 
0     0000bd56  _gFlux_pu_to_VpHz_sf                             
0     0000bd54  _gFlux_pu_to_Wb_sf                               
0     0000bd42  _gLEDcnt                                         
0     0000bd52  _gLs_pu                                          
0     0000bd43  _gLs_qFmt                                        
0     0000bd4c  _gMaxCurrentSlope                                
0     0000bd44  _gMax_Ls_qFmt                                    
0     0000bdc0  _gMotorVars                                      
0     0000bd5c  _gPwmData                                        
0     0000bd5a  _gTorque_Flux_Iq_pu_to_Nm_sf                     
0     0000bd58  _gTorque_Ls_Id_Iq_pu_to_Nm_sf                    
0     0000be40  _gUserParams                                     
0     0000c080  _hal                                             
0     0000bd4a  _halHandle                                       
0     0000b745  _ldexp                                           
0     0000b745  _ldexpf                                          
0     0000af63  _log                                             
0     0000af63  _logf                                            
0     0000977e  _main                                            
0     0000b36b  _mainISR                                         
0     0000bc46  _memcpy                                          
0     00009ede  _pow                                             
0     00009ede  _powf                                            
0     000095f9  _recalcKpKi                                      
0     0000955f  _recalcKpKiPmsm                                  
abs   003fb9dd  _s0_calc                                         
abs   003fb9ad  _s0_conf                                         
abs   003fbae7  _s2_calc                                         
abs   003fbb85  _s4_calc                                         
abs   003fbc34  _s4_conf                                         
abs   003fbc58  _s4_reset                                        
abs   003fbc9b  _s8_calc                                         
abs   003fbc7d  _s8_cfg                                          
abs   003fbd37  _s8_get                                          
abs   003fbc72  _s8_reset                                        
0     0000b745  _scalbn                                          
0     0000b745  _scalbnf                                         
0     0000953a  _setFeLimitZero                                  
abs   003fbc6d  _spintac_rom_ver                                 
0     0000b667  _sqrt                                            
0     0000b667  _sqrtf                                           
0     0000bd50  _stHandle                                        
0     0000bf00  _st_obj                                          
0     00009481  _updateGlobalVariables_motor                     
0     00009459  _updateKpKiGains                                 
0     00000155  _usDelay                                         
abs   ffffffff  binit                                            
0     00000050  cinit                                            
0     00000000  code_start                                       
0     0000bd26  etext                                            
abs   ffffffff  pinit                                            


GLOBAL SYMBOLS: SORTED BY Symbol Address 

page  address   name                                             
----  -------   ----                                             
0     00000000  code_start                                       
0     00000050  ___cinit__                                       
0     00000050  cinit                                            
0     00000123  _FLASH_setStandbyWaitCount                       
0     00000123  _RamfuncsLoadStart                               
0     00000123  _RamfuncsRunStart                                
0     00000128  _FLASH_setPowerMode                              
0     0000012f  _FLASH_setOtpWaitStates                          
0     00000136  _FLASH_setNumRandomReadWaitStates                
0     0000013d  _FLASH_setNumPagedReadWaitStates                 
0     00000144  _FLASH_setActiveWaitCount                        
0     00000149  _FLASH_enablePipelineMode                        
0     0000014f  _FLASH_disablePipelineMode                       
0     00000155  _usDelay                                         
0     00000159  _RamfuncsLoadEnd                                 
0     00008000  .text                                            
0     00008000  _HAL_writeDrvData                                
0     00008000  ___text__                                        
0     00008005  _HAL_setupTimers                                 
0     0000805e  _HAL_setupSpiB                                   
0     00008094  _HAL_setupSpiA                                   
0     000080ca  _HAL_setupPwms                                   
0     000081a2  _HAL_setupPwmDacs                                
0     00008225  _HAL_setupPll                                    
0     00008264  _HAL_setupPie                                    
0     00008280  _HAL_setupPeripheralClks                         
0     000082d4  _HAL_setupGpios                                  
0     00008470  _HAL_setupGate                                   
0     00008485  _HAL_setupFlash                                  
0     000084a3  _HAL_setupFaults                                 
0     000084c1  _HAL_setupDrvSpi                                 
0     000084c6  _HAL_setupClks                                   
0     000084e2  _HAL_setupAdcs                                   
0     00008597  _HAL_AdcCalChanSelect                            
0     000085ee  _HAL_AdcCalConversion                            
0     00008746  _HAL_AdcOffsetSelfCal                            
0     00008779  _HAL_getOscTrimValue                             
0     0000878c  _HAL_osc1Comp                                    
0     000087cc  _HAL_osc2Comp                                    
0     0000880c  _HAL_OscTempComp                                 
0     00008861  _HAL_cal                                         
0     00008878  _HAL_setParams                                   
0     00008996  _HAL_setDacParameters                            
0     000089b0  _HAL_readDrvData                                 
0     000089b5  _HAL_disableWdog                                 
0     000089ba  _HAL_init                                        
0     00008a81  _HAL_enableTimer0Int                             
0     00008a91  _HAL_enablePwmInt                                
0     00008aa2  _HAL_enableGlobalInts                            
0     00008aa6  _HAL_enableDrv                                   
0     00008aab  _HAL_enableDebugInt                              
0     00008aaf  _HAL_enableAdcInts                               
0     00008ac1  _HAL_disableGlobalInts                           
0     00008ac5  _CTRL_updateState                                
0     00008b78  _CTRL_setup_user                                 
0     00008bd2  _CTRL_setupClarke_V                              
0     00008be8  _CTRL_setupClarke_I                              
0     00008c04  _CTRL_setup                                      
0     00008c0e  _CTRL_setWaitTimes                               
0     00008c17  _CTRL_setSpd_ref_pu                              
0     00008c1a  _CTRL_setSpd_ref_krpm                            
0     00008c2d  _CTRL_setGains                                   
0     00008c55  _CTRL_setParams                                  
0     00008eb4  _CTRL_run                                        
0     000093e3  _CTRL_getWaitTimes                               
0     000093ec  _CTRL_getVdq_out_pu                              
0     000093f3  _CTRL_getVab_out_pu                              
0     000093fa  _CTRL_getVab_in_pu                               
0     00009401  _CTRL_getIdq_ref_pu                              
0     00009408  _CTRL_getIdq_in_pu                               
0     0000940f  _CTRL_getIab_in_pu                               
0     00009416  _CTRL_getIab_filt_pu                             
0     0000941d  _CTRL_getGains                                   
0     0000944d  _CTRL_setMaximumSpeed_pu                         
0     00009450  _CTRL_setMagCurrent_pu                           
0     00009453  _CTRL_getMaximumSpeed_pu                         
0     00009456  _CTRL_getMagCurrent_pu                           
0     00009459  _updateKpKiGains                                 
0     00009481  _updateGlobalVariables_motor                     
0     0000953a  _setFeLimitZero                                  
0     0000955f  _recalcKpKiPmsm                                  
0     000095f9  _recalcKpKi                                      
0     00009671  _ST_runVelId                                     
0     000096fc  _CTRL_resetLs_qFmt                               
0     00009721  _acim_Dir_qFmtCalc                               
0     00009737  _CTRL_calcMax_Ls_qFmt                            
0     0000977e  _main                                            
0     00009ab1  _USER_softwareUpdate1p6                          
0     00009b34  _USER_setParams                                  
0     00009c72  _USER_setErrorCode                               
0     00009c75  _USER_getErrorCode                               
0     00009c78  _USER_computeTorque_lbin                         
0     00009cd0  _USER_computeTorque_Nm                           
0     00009d1d  _USER_computeTorque_Ls_Id_Iq_pu_to_Nm_sf         
0     00009d57  _USER_computeTorque_Flux_Iq_pu_to_Nm_sf          
0     00009d93  _USER_computeFlux_pu_to_Wb_sf                    
0     00009dcf  _USER_computeFlux_pu_to_VpHz_sf                  
0     00009e0b  _USER_computeFlux                                
0     00009e19  _USER_checkForErrors                             
0     00009e1d  _USER_calcPIgains                                
0     00009ede  _pow                                             
0     00009ede  _powf                                            
0     0000a2fc  _STVELID_run                                     
0     0000a623  _PWM_setTripZoneState_TZB                        
0     0000a62f  _PWM_setTripZoneState_TZA                        
0     0000a639  _PWM_setTripZoneState_DCBEVT2                    
0     0000a645  _PWM_setTripZoneState_DCBEVT1                    
0     0000a651  _PWM_setTripZoneState_DCAEVT2                    
0     0000a65d  _PWM_setTripZoneState_DCAEVT1                    
0     0000a669  _PWM_setTripZoneDCEventSelect_DCBEVT2            
0     0000a675  _PWM_setTripZoneDCEventSelect_DCBEVT1            
0     0000a681  _PWM_setTripZoneDCEventSelect_DCAEVT2            
0     0000a68d  _PWM_setTripZoneDCEventSelect_DCAEVT1            
0     0000a697  _PWM_setSyncMode                                 
0     0000a69b  _PWM_setSwSync                                   
0     0000a69e  _PWM_setSocBPulseSrc                             
0     0000a6a7  _PWM_setSocBPeriod                               
0     0000a6b0  _PWM_setSocAPulseSrc                             
0     0000a6ba  _PWM_setSocAPeriod                               
0     0000a6c3  _PWM_setShadowMode_CmpB                          
0     0000a6c9  _PWM_setShadowMode_CmpA                          
0     0000a6cf  _PWM_setRunMode                                  
0     0000a6d3  _PWM_setPhaseDir                                 
0     0000a6d7  _PWM_setPhase                                    
0     0000a6d9  _PWM_setPeriodLoad                               
0     0000a6dd  _PWM_setPeriodHr                                 
0     0000a6e2  _PWM_setPeriod                                   
0     0000a6e4  _PWM_setLoadMode_CmpB                            
0     0000a6ea  _PWM_setLoadMode_CmpA                            
0     0000a6ee  _PWM_setIntPeriod                                
0     0000a6f5  _PWM_setIntMode                                  
0     0000a6fc  _PWM_setHrShadowMode                             
0     0000a706  _PWM_setHrEdgeMode                               
0     0000a710  _PWM_setHrControlMode                            
0     0000a71a  _PWM_setHighSpeedClkDiv                          
0     0000a71e  _PWM_setDigitalCompareInput                      
0     0000a72d  _PWM_setDigitalCompareFilterWindow               
0     0000a730  _PWM_setDigitalCompareFilterSource               
0     0000a73a  _PWM_setDigitalCompareFilterOffset               
0     0000a73d  _PWM_setDigitalCompareBlankingPulse              
0     0000a749  _PWM_setDigitalCompareBEvent2                    
0     0000a759  _PWM_setDigitalCompareBEvent1                    
0     0000a773  _PWM_setDigitalCompareAEvent2                    
0     0000a783  _PWM_setDigitalCompareAEvent1                    
0     0000a79d  _PWM_setDeadBandRisingEdgeDelay                  
0     0000a7a0  _PWM_setDeadBandPolarity                         
0     0000a7a7  _PWM_setDeadBandOutputMode                       
0     0000a7ae  _PWM_setDeadBandInputMode                        
0     0000a7b5  _PWM_setDeadBandFallingEdgeDelay                 
0     0000a7b8  _PWM_setCounterMode                              
0     0000a7bc  _PWM_setCount                                    
0     0000a7be  _PWM_setClkDiv                                   
0     0000a7c2  _PWM_setChoppingPulseWidth                       
0     0000a7c9  _PWM_setChoppingDutyCycle                        
0     0000a7d0  _PWM_setChoppingClkFreq                          
0     0000a7d7  _PWM_setActionQual_Zero_PwmB                     
0     0000a7de  _PWM_setActionQual_Zero_PwmA                     
0     0000a7e5  _PWM_setActionQual_Period_PwmB                   
0     0000a7ee  _PWM_setActionQual_Period_PwmA                   
0     0000a7f7  _PWM_setActionQual_CntUp_CmpB_PwmB               
0     0000a800  _PWM_setActionQual_CntUp_CmpB_PwmA               
0     0000a809  _PWM_setActionQual_CntUp_CmpA_PwmB               
0     0000a812  _PWM_setActionQual_CntUp_CmpA_PwmA               
0     0000a81b  _PWM_setActionQual_CntDown_CmpB_PwmB             
0     0000a824  _PWM_setActionQual_CntDown_CmpB_PwmA             
0     0000a82d  _PWM_setActionQual_CntDown_CmpA_PwmB             
0     0000a836  _PWM_setActionQual_CntDown_CmpA_PwmA             
0     0000a83f  _PWM_setActionQualContSWForce_PwmB               
0     0000a848  _PWM_setActionQualContSWForce_PwmA               
0     0000a84f  _PWM_init                                        
0     0000a855  _PWM_incrementDeadBandRisingEdgeDelay            
0     0000a858  _PWM_incrementDeadBandFallingEdgeDelay           
0     0000a85b  _PWM_getSocBCount                                
0     0000a860  _PWM_getSocACount                                
0     0000a865  _PWM_getShadowStatus_CmpB                        
0     0000a869  _PWM_getShadowStatus_CmpA                        
0     0000a86d  _PWM_getIntCount                                 
0     0000a871  _PWM_getDeadBandRisingEdgeDelay                  
0     0000a874  _PWM_getDeadBandFallingEdgeDelay                 
0     0000a877  _PWM_enableTripZoneSrc                           
[...]
0     0000b4bb  _SPI_enableInt                                   
0     0000b4be  _SPI_enableChannels                              
0     0000b4c2  _SPI_enable                                      
0     0000b4c5  _SPI_disableTxFifoInt                            
0     0000b4c9  _SPI_disableTxFifoEnh                            
0     0000b4cd  _SPI_disableTx                                   
0     0000b4d0  _SPI_disableRxFifoInt                            
0     0000b4d4  _SPI_disableOverRunInt                           
0     0000b4d7  _SPI_disableLoopBack                             
0     0000b4da  _SPI_disableInt                                  
0     0000b4dd  _SPI_clearTxFifoInt                              
0     0000b4e1  _SPI_clearRxFifoOvf                              
0     0000b4e5  _SPI_clearRxFifoInt                              
0     0000b4e9  FD$$MPY                                          
0     0000b56c  FS$$DIV                                          
0     0000b5ef  FS$$SUB                                          
0     0000b5f4  FS$$ADD                                          
0     0000b667  _sqrt                                            
0     0000b667  _sqrtf                                           
0     0000b6dc  _ceil                                            
0     0000b6dc  _ceilf                                           
0     0000b745  _ldexp                                           
0     0000b745  _ldexpf                                          
0     0000b745  _scalbn                                          
0     0000b745  _scalbnf                                         
0     0000b7a2  _PLL_setLockPeriod                               
0     0000b7a7  _PLL_setDivideSelect                             
0     0000b7ae  _PLL_setClkFreq                                  
0     0000b7b4  _PLL_resetClkDetect                              
0     0000b7ba  _PLL_init                                        
0     0000b7c0  _PLL_getLockStatus                               
0     0000b7c3  _PLL_getDivideSelect                             
0     0000b7c6  _PLL_getClkStatus                                
0     0000b7c9  _PLL_getClkFreq                                  
0     0000b7cd  _PLL_enableOsc                                   
0     0000b7d3  _PLL_enableNormRdy                               
0     0000b7d9  _PLL_enableClkDetect                             
0     0000b7df  _PLL_enable                                      
0     0000b7e5  _PLL_disableOsc                                  
0     0000b7eb  _PLL_disableNormRdy                              
0     0000b7f1  _PLL_disableClkDetect                            
0     0000b7f7  _PLL_disable                                     
0     0000b7fd  FS$$MPY                                          
0     0000b857  _c_int00                                         
0     0000b8ab  _OFFSET_setOffset                                
0     0000b8ad  _OFFSET_setInitCond                              
0     0000b8bc  _OFFSET_setBeta                                  
0     0000b8d2  _OFFSET_init                                     
0     0000b8e3  _OFFSET_getBeta                                  
0     0000b8f2  _WDOG_setPreScaler                               
0     0000b8fc  _WDOG_setCount                                   
0     0000b8fe  _WDOG_init                                       
0     0000b904  _WDOG_getIntStatus                               
0     0000b907  _WDOG_enableOverRide                             
0     0000b90d  _WDOG_enableInt                                  
0     0000b913  _WDOG_enable                                     
0     0000b91c  _WDOG_disableOverRide                            
0     0000b922  _WDOG_disableInt                                 
0     0000b928  _WDOG_disable                                    
0     0000b930  _WDOG_clearCounter                               
0     0000b938  _PWR_setNumStandByClocks                         
0     0000b949  _PWR_setLowPowerMode                             
0     0000b95a  _PWR_init                                        
0     0000b962  _PWR_enableWatchDogInt                           
0     0000b96c  _PWR_enableBrownOutReset                         
0     0000b96f  _PWR_disableWatchDogInt                          
0     0000b979  _PWR_disableBrownOutReset                        
0     0000b97c  _STPOSCONV_init                                  
0     0000b9b1  _TIMER_setPreScaler                              
0     0000b9bf  _TIMER_setEmulationMode                          
0     0000b9c3  _TIMER_setDecimationFactor                       
0     0000b9d1  _TIMER_init                                      
0     0000b9d7  _TIMER_getStatus                                 
0     0000b9da  _TIMER_enableInt                                 
0     0000b9dd  _TIMER_disableInt                                
0     0000b9e0  _TIMER_clearFlag                                 
0     0000b9e3  _ST_initVersion                                  
0     0000ba14  _OSC_setTrim                                     
0     0000ba1d  _OSC_setFineTrim                                 
0     0000ba2e  _OSC_setCoarseTrim                               
0     0000ba3b  _OSC_init                                        
0     0000ba41  _STVELID_init                                    
0     0000ba6c  _STVELMOVE_init                                  
0     0000ba97  _STVELCTL_init                                   
0     0000bac1  L$$DIV                                           
0     0000bad0  L$$MOD                                           
0     0000bade  UL$$DIV                                          
0     0000bae5  UL$$MOD                                          
0     0000baeb  C$$EXIT                                          
0     0000baeb  _abort                                           
0     0000baed  _exit                                            
0     0000bb14  _STVELPLAN_init                                  
0     0000bb3a  _CPU_init                                        
0     0000bb3e  _CPU_enableProtectedRegisterWrite                
0     0000bb41  _CPU_enableInt                                   
0     0000bb45  _CPU_enableGlobalInts                            
0     0000bb48  _CPU_enableDebugInt                              
0     0000bb4b  _CPU_disableProtectedRegisterWrite               
0     0000bb4e  _CPU_disableInts                                 
0     0000bb51  _CPU_disableInt                                  
0     0000bb56  _CPU_disableGlobalInts                           
0     0000bb59  _CPU_disableDebugInt                             
0     0000bb5c  _CPU_clearIntFlags                               
0     0000bb5f  FS$$TOI                                          
0     0000bb84  _copy_in                                         
0     0000bba8  _FILTER_FO_setNumCoeffs                          
0     0000bbac  _FILTER_FO_setInitialConditions                  
0     0000bbb1  _FILTER_FO_setDenCoeffs                          
0     0000bbb3  _FILTER_FO_init                                  
0     0000bbb9  _FILTER_FO_getNumCoeffs                          
0     0000bbbf  _FILTER_FO_getInitialConditions                  
0     0000bbc6  _FILTER_FO_getDenCoeffs                          
0     0000bbc9  FS$$TOUL                                         
0     0000bbea  _FLASH_init                                      
0     0000bbf0  _FLASH_getStandbyWaitStatus                      
0     0000bbf4  _FLASH_getStandbyWaitCount                       
0     0000bbf7  _FLASH_getPowerMode                              
0     0000bbfa  _FLASH_getActiveWaitStatus                       
0     0000bbfe  _FLASH_getActiveWaitCount                        
0     0000bc01  _FLASH_get3VStatus                               
0     0000bc04  _FLASH_clear3VStatus                             
0     0000bc0a  FD$$TOL                                          
0     0000bc29  FS$$TOU                                          
0     0000bc46  _memcpy                                          
0     0000bc63  FS$$TOFD                                         
0     0000bc7f  I$$TOFS                                          
0     0000bc99  L$$TOFS                                          
0     0000bcb3  FS$$CMP                                          
0     0000bcca  UL$$TOFS                                         
0     0000bcdd  __args_main                                      
0     0000bcee  U$$TOFS                                          
0     0000bcfe  _copysign                                        
0     0000bcfe  _copysignf                                       
0     0000bd08  __register_unlock                                
0     0000bd0c  __register_lock                                  
0     0000bd10  __nop                                            
0     0000bd19  _PIE_illegalIsr                                  
0     0000bd1e  FS$$NEG                                          
0     0000bd23  __system_pre_init                                
0     0000bd25  __system_post_cinit                              
0     0000bd26  ___TI_enable_exit_profile_output                 
0     0000bd26  ___etext__                                       
0     0000bd26  etext                                            
0     0000bd28  ___TI_cleanup_ptr                                
0     0000bd2a  ___TI_dtors_ptr                                  
0     0000bd2c  __lock                                           
0     0000bd2e  __unlock                                         
0     0000bd32  _cpu                                             
0     0000bd33  _errno                                           
0     0000bd40  _gCounter_updateGlobals                          
0     0000bd41  _Flag_Latch_softwareUpdate                       
0     0000bd42  _gLEDcnt                                         
0     0000bd43  _gLs_qFmt                                        
0     0000bd44  _gMax_Ls_qFmt                                    
0     0000bd48  _ctrlHandle                                      
0     0000bd4a  _halHandle                                       
0     0000bd4c  _gMaxCurrentSlope                                
0     0000bd4e  _controller_obj                                  
0     0000bd50  _stHandle                                        
0     0000bd52  _gLs_pu                                          
0     0000bd54  _gFlux_pu_to_Wb_sf                               
0     0000bd56  _gFlux_pu_to_VpHz_sf                             
0     0000bd58  _gTorque_Ls_Id_Iq_pu_to_Nm_sf                    
0     0000bd5a  _gTorque_Flux_Iq_pu_to_Nm_sf                     
0     0000bd5c  _gPwmData                                        
0     0000bd62  _gAdcData                                        
0     0000bd80  _gDrvSpi8301Vars                                 
0     0000bdc0  _gMotorVars                                      
0     0000be40  _gUserParams                                     
0     0000bf00  _st_obj                                          
0     0000c080  _hal                                             
0     0000c128  __IQ20div                                        
0     0000c16f  __IQ24div                                        
0     0000c1b6  __IQ24sqrt                                       
0     0000c1f8  __IQ24sinPU                                      
0     0000c221  __IQ24cosPU                                      
0     0000c248  __IQ30toF                                        
0     003fdc30  _IQsinTable                                      
0     003fdd30  _IQcosTable                                      
0     003fe030  _IQsinTableEnd                                   
0     003fe132  _IQcosTableEnd                                   
0     003fe132  _IQdivRoundSatTable                              
0     003fe140  _IQdivTable                                      
0     003fe342  _IQdivTableEnd                                   
0     003fe342  _IQisqrtRoundSatTable                            
0     003fe342  _IQsqrtRoundSatTable                             
0     003fe352  _IQisqrtTable                                    
0     003fe352  _IQsqrtTable                                     
0     003fe454  _IQatan2HalfPITable                              
0     003fe454  _IQisqrtTableEnd                                 
0     003fe454  _IQsqrtTableEnd                                  
0     003fe492  _IQatan2Table                                    
0     003fe618  _IQ30mpyRndSatTable                              
0     003fe618  _IQatan2TableEnd                                 
0     003fe618  _IQmpyRndSatTable                                
0     003fe624  _IQ29mpyRndSatTable                              
0     003fe630  _IQ28mpyRndSatTable                              
0     003fe63c  _IQ27mpyRndSatTable                              
0     003fe648  _IQ26mpyRndSatTable                              
0     003fe654  _IQ25mpyRndSatTable                              
0     003fe660  _IQ24mpyRndSatTable                              
0     003fe66c  _IQ23mpyRndSatTable                              
0     003fe678  _IQ22mpyRndSatTable                              
0     003fe684  _IQ21mpyRndSatTable                              
0     003fe690  _IQ20mpyRndSatTable                              
0     003fe69c  _IQ19mpyRndSatTable                              
0     003fe6a8  _IQ18mpyRndSatTable                              
0     003fe6b4  _IQ17mpyRndSatTable                              
0     003fe6c0  _IQ16mpyRndSatTable                              
0     003fe6cc  _IQ15mpyRndSatTable                              
0     003fe6d8  _IQ14mpyRndSatTable                              
0     003fe6e4  _IQ13mpyRndSatTable                              
0     003fe6f0  _IQ12mpyRndSatTable                              
0     003fe6fc  _IQ11mpyRndSatTable                              
0     003fe708  _IQ10mpyRndSatTable                              
0     003fe714  _IQ9mpyRndSatTable                               
0     003fe720  _IQ8mpyRndSatTable                               
0     003fe72c  _IQ7mpyRndSatTable                               
0     003fe738  _IQ6mpyRndSatTable                               
0     003fe744  _IQ5mpyRndSatTable                               
0     003fe750  _IQ4mpyRndSatTable                               
0     003fe75c  _IQ3mpyRndSatTable                               
0     003fe768  _IQ2mpyRndSatTable                               
0     003fe774  _IQ1mpyRndSatTable                               
0     003fe780  _IQmpyRndSatTableEnd                             
1     00000400  __stack                                          
1     000007b0  __STACK_END                                      
abs   00000036  _RamfuncsLoadSize                                
abs   000003b0  __STACK_SIZE                                     
abs   003f861b  _EST_getState                                    
abs   003f861d  _EST_useZeroIq_ref                               
abs   003f8679  _EST_isMotorIdentified                           
abs   003f86ad  _EST_computeDirection_qFmt                       
abs   003f8713  _EST_updateState                                 
abs   003f89f5  _EST_updateId_ref_pu                             
abs   003f8a18  _EST_setRs_pu                                    
abs   003f8adb  _EST_setMaxCurrentSlope_pu                       
abs   003f8ae7  _EST_setLs_q_pu                                  
abs   003f8af1  _EST_setLs_qFmt                                  
abs   003f8b45  _EST_setLs_d_pu                                  
abs   003f8b63  _EST_setIq_ref_pu                                
abs   003f8b67  _EST_setIdle_all                                 
abs   003f8b7a  _EST_setIdle                                     
abs   003f8b80  _EST_setId_ref_pu                                
abs   003f8bd3  _EST_setFlag_enableRsRecalc                      
abs   003f8bdb  _EST_setFlag_enableForceAngle                    
abs   003f8be4  _EST_setFe_pos_min_pu                            
abs   003f8be8  _EST_setFe_neg_max_pu                            
abs   003f8bf5  _EST_setDir_qFmt                                 
abs   003f8c0d  _EST_getAngle_pu                                 
abs   003f927b  _EST_run                                         
abs   003f9378  _EST_isOnLine                                    
abs   003f937f  _EST_isLockRotor                                 
abs   003f9386  _EST_isIdle                                      
abs   003f938d  _EST_isError                                     
abs   003f9453  _EST_get_pu_to_krpm_sf                           
abs   003f9458  _EST_get_krpm_to_pu_sf                           
abs   003f94c6  _EST_getSpeed_krpm                               
abs   003f9513  _EST_getRs_Ohm                                   
abs   003f95ad  _EST_getRr_Ohm                                   
abs   003f95b3  _EST_getOneOverDcBus_pu                          
abs   003f95bd  _EST_getMaxCurrentSlope_pu                       
abs   003f95c9  _EST_getLs_q_pu                                  
abs   003f95ce  _EST_getLs_q_H                                   
abs   003f95d3  _EST_getLs_qFmt                                  
abs   003f95f0  _EST_getLs_d_pu                                  
abs   003f95f5  _EST_getLs_d_H                                   
abs   003f95ff  _EST_getLs_coarse_max_pu                         
abs   003f9632  _EST_getIdRated                                  
abs   003f968e  _EST_getFm_pu                                    
abs   003f96ab  _EST_getFlux_pu                                  
abs   003f96be  _EST_getFlux_VpHz                                
abs   003f9758  _EST_doSpeedCtrl                                 
abs   003f9760  _EST_doCurrentCtrl                               
abs   003f9806  _CTRL_setupTraj                                  
abs   003f996a  _CTRL_setupEstOnLineState                        
abs   003f99a5  _CTRL_setupEstIdleState                          
abs   003f9b43  _CTRL_setupCtrl                                  
abs   003f9d31  _CTRL_setUserMotorParams                         
abs   003f9e64  _CTRL_setEstParams                               
abs   003fa5d1  _CTRL_runTraj                                    
abs   003fa6fb  _CTRL_initCtrl                                   
abs   003fa721  _CTRL_getVersion                                 
abs   003fb9ad  _s0_conf                                         
abs   003fb9dd  _s0_calc                                         
abs   003fbae7  _s2_calc                                         
abs   003fbb85  _s4_calc                                         
abs   003fbc34  _s4_conf                                         
abs   003fbc58  _s4_reset                                        
abs   003fbc6d  _spintac_rom_ver                                 
abs   003fbc72  _s8_reset                                        
abs   003fbc7d  _s8_cfg                                          
abs   003fbc9b  _s8_calc                                         
abs   003fbd37  _s8_get                                          
abs   ffffffff  ___TI_pprof_out_hndl                             
abs   ffffffff  ___TI_prof_data_size                             
abs   ffffffff  ___TI_prof_data_start                            
abs   ffffffff  ___binit__                                       
abs   ffffffff  ___c_args__                                      
abs   ffffffff  ___pinit__                                       
abs   ffffffff  binit                                            
abs   ffffffff  pinit                                            

[707 symbols]
